[00:01:07] [Server thread/INFO]: Yazuu has made the advancement [Take Aim]
[00:04:36] [Server thread/INFO]: DraculaNew has made the advancement [Time to sleep]
[00:08:51] [Server thread/INFO]: Renesito has made the advancement [Minecraft: Trial(s) Edition]
[00:08:55] [Server thread/INFO]: bohemia has made the advancement [Minecraft: Trial(s) Edition]
[00:10:29] [Server thread/INFO]: Renesito was shot by Skeleton
[00:11:12] [Server thread/INFO]: bohemia was shot by Skeleton
[00:16:21] [Server thread/INFO]: Renesito lost connection: Disconnected
[00:16:21] [Server thread/INFO]: Renesito left the game
[00:17:10] [Server thread/INFO]: Renesito[/172.29.190.27:54207] logged in with entity id 94995 at (265.0514644408193, 65.0, 515.7173472286971)
[00:17:10] [Server thread/INFO]: Renesito joined the game
[00:18:54] [Server thread/INFO]: bohemia has made the advancement [Getting an Upgrade]
[00:23:25] [Server thread/INFO]: Renesito was shot by Skeleton
[00:24:25] [Server thread/INFO]: [Yazuu: Teleported Renesito to bohemia]
[00:28:04] [Server thread/INFO]: Renesito was shot by Skeleton
[00:31:36] [Server thread/INFO]: bohemia has made the advancement [Cover Me with Diamonds]
[00:35:10] [Server thread/INFO]: bohemia was shot by Skeleton
[00:37:18] [Server thread/INFO]: [Not Secure] <Renesito> ESPERAME
[00:41:55] [Server thread/INFO]: Renesito was slain by Slime
[00:42:55] [Server thread/INFO]: DraculaNew has made the advancement [(Optional) Fluid Tanks Upgrade]
[00:46:28] [Server thread/INFO]: DraculaNew has made the advancement [Getting Started]
[00:50:33] [Server thread/INFO]: Renesito was slain by Husk
[00:51:07] [Server thread/INFO]: DraculaNew has made the advancement [Craft basic backpack]
[00:51:21] [Server thread/INFO]: Yazuu has made the advancement [Custom Backpacks]
[00:52:22] [Server thread/INFO]: Yazuu has made the advancement [Time to sleep]
[00:52:40] [Server thread/INFO]: Renesito has made the advancement [Wax Off]
[00:53:38] [Server thread/INFO]: bohemia has made the advancement [Take Aim]
[00:53:50] [Server thread/INFO]: Renesito was shot by Skeleton
[00:56:44] [Server thread/INFO]: Renesito was shot by Skeleton
[00:57:35] [Server thread/INFO]: Renesito was shot by Skeleton
[00:58:41] [Server thread/INFO]: Renesito was shot by Skeleton
[01:00:04] [Server thread/INFO]: Renesito was shot by Skeleton
[01:00:43] [Server thread/INFO]: Renesito was shot by Skeleton
[01:01:41] [Server thread/INFO]: Renesito was shot by Skeleton
[01:02:13] [Server thread/INFO]: Renesito was doomed to fall by Skeleton
[01:11:54] [Server thread/INFO]: Renesito was shot by Skeleton
[01:19:08] [Server thread/INFO]: Renesito was slain by Slime
[01:19:40] [Server thread/INFO]: Yazuu has made the advancement [Spooky Scary Skeleton]
[01:20:30] [Server thread/INFO]: Renesito was slain by Slime
[01:23:48] [Server thread/INFO]: Renesito was shot by Skeleton
[01:24:09] [Server thread/INFO]: Renesito was shot by Skeleton
[01:24:11] [Server thread/INFO]: bohemia was shot by Skeleton
[01:24:37] [Server thread/INFO]: Renesito was shot by Skeleton
[01:25:09] [Server thread/INFO]: Renesito was shot by Skeleton
[01:29:50] [Server thread/INFO]: Renesito tried to swim in lava
[01:40:57] [Server thread/WARN]: Horse (vehicle of DraculaNew) moved too quickly! -10.156444025948872,0.0,1.7934209645725332
[01:45:45] [Server thread/INFO]: Renesito was slain by Cave Spider
[01:46:44] [Server thread/INFO]: Yazuu lost connection: Disconnected
[01:46:44] [Server thread/INFO]: Yazuu left the game
[01:48:15] [Server thread/INFO]: marinet45[/172.29.35.46:60407] logged in with entity id 142814 at (104.69999998807907, -32.0, 645.3000000119209)
[01:48:15] [Server thread/INFO]: marinet45 joined the game
[01:49:07] [Server thread/INFO]: Yazuu[/172.29.222.16:64152] logged in with entity id 143432 at (-90.41121607002346, 36.0, -958.4374995500137)
[01:49:07] [Server thread/INFO]: Yazuu joined the game
[01:49:17] [Server thread/WARN]: Can't keep up! Is the server overloaded? Running 2006ms or 40 ticks behind
[01:51:31] [Server thread/INFO]: bohemia has made the advancement [Craft basic backpack]
[01:53:28] [Server thread/INFO]: marinet45 has made the advancement [Time to sleep]
[01:53:54] [Server thread/INFO]: DraculaNew was impaled by Drowned
[01:53:54] [Server thread/INFO]: Created new backpack backup file for DraculaNew with unique ID travelersbackpack.spider_21.08.2026-01.53.54.dat
[01:53:54] [Server thread/INFO]: Created new backpack backup file for DraculaNew with unique ID travelersbackpack.spider_21.08.2026-01.53.54.dat
[01:53:54] [Server thread/INFO]: Your backpack has been placed at X: 412 Y: 73 Z: -1158
[01:55:42] [Server thread/INFO]: Renesito has made the advancement [Cover Me with Diamonds]
[02:00:03] [Server thread/WARN]: Can't keep up! Is the server overloaded? Running 2020ms or 40 ticks behind
[02:04:16] [Server thread/INFO]: Yazuu lost connection: Disconnected
[02:04:16] [Server thread/INFO]: Yazuu left the game
[02:04:32] [Server thread/INFO]: Yazuu[/172.29.222.16:64420] logged in with entity id 159003 at (-347.54443541656707, -23.0, -816.3539518410985)
[02:04:32] [Server thread/INFO]: Yazuu joined the game
[02:05:19] [Server thread/INFO]: Renesito has made the advancement [Custom Backpacks]
[02:07:00] [Server thread/INFO]: DemianWeinZ[/172.29.64.159:62384] logged in with entity id 161197 at (145.87414527573176, 63.0, -1149.7131839767637)
[02:07:00] [Server thread/INFO]: DemianWeinZ joined the game
[02:07:42] [Server thread/WARN]: DemianWeinZ moved too quickly! 9.818279317931001,0.0,-2.5688950893461424
[02:08:08] [Server thread/INFO]: Renesito was blown up by Creeper
[02:09:07] [Server thread/INFO]: bohemia has made the advancement [Custom Backpacks]
[02:10:01] [Server thread/INFO]: DemianWeinZ has made the advancement [Custom Backpacks]
[02:10:48] [Server thread/WARN]: Can't keep up! Is the server overloaded? Running 2012ms or 40 ticks behind
[02:11:00] [Server thread/INFO]: DemianWeinZ has made the advancement [Time to sleep]
[02:11:43] [Server thread/INFO]: DemianWeinZ has made the advancement [Swap Tools]
[02:12:09] [Server thread/INFO]: Renesito was slain by Zombie
[02:12:14] [Server thread/INFO]: bohemia was slain by Zombie
[02:15:36] [Server thread/INFO]: bohemia was blown up by Creeper
[02:16:44] [Server thread/INFO]: DraculaNew has made the advancement [A Seedy Place]
[02:18:15] [Server thread/INFO]: DraculaNew was speared by Husk
[02:18:15] [Server thread/INFO]: Created new backpack backup file for DraculaNew with unique ID travelersbackpack.spider_21.08.2026-02.18.15.dat
[02:18:15] [Server thread/INFO]: Created new backpack backup file for DraculaNew with unique ID travelersbackpack.spider_21.08.2026-02.18.15.dat
[02:18:15] [Server thread/INFO]: Your backpack has been placed at X: 156 Y: 64 Z: -1218
[02:21:32] [Server thread/WARN]: Can't keep up! Is the server overloaded? Running 2003ms or 40 ticks behind
[02:21:33] [Server thread/INFO]: Renesito lost connection: Disconnected
[02:21:33] [Server thread/INFO]: Renesito left the game
[02:21:50] [Server thread/WARN]: Can't keep up! Is the server overloaded? Running 3309ms or 66 ticks behind
[02:21:55] [Server thread/INFO]: bohemia lost connection: Disconnected
[02:21:55] [Server thread/INFO]: bohemia left the game
[02:22:21] [Server thread/INFO]: Renesito[/172.29.190.27:61317] logged in with entity id 174310 at (413.9340269733152, -30.0, 648.3000000119209)
[02:22:21] [Server thread/INFO]: Renesito joined the game
[02:23:18] [Server thread/INFO]: bohemia[/172.29.182.214:56466] logged in with entity id 175547 at (416.82805200806945, -30.0, 649.6830623484411)
[02:23:18] [Server thread/INFO]: bohemia joined the game
[02:24:35] [Server thread/INFO]: DraculaNew was slain by Iron Golem
[02:24:35] [Server thread/INFO]: Created new backpack backup file for DraculaNew with unique ID travelersbackpack.spider_21.08.2026-02.24.35.dat
[02:24:35] [Server thread/INFO]: Created new backpack backup file for DraculaNew with unique ID travelersbackpack.spider_21.08.2026-02.24.35.dat
[02:24:35] [Server thread/INFO]: Your backpack has been placed at X: 409 Y: 67 Z: -1157
[02:27:03] [Server thread/INFO]: DraculaNew was slain by Iron Golem
[02:29:56] [Server thread/INFO]: DemianWeinZ was slain by Iron Golem
[02:29:56] [Server thread/INFO]: Created new backpack backup file for DemianWeinZ with unique ID travelersbackpack.hay_21.08.2026-02.29.56.dat
[02:29:56] [Server thread/INFO]: Created new backpack backup file for DemianWeinZ with unique ID travelersbackpack.hay_21.08.2026-02.29.56.dat
[02:29:56] [Server thread/INFO]: Your backpack has been placed at X: 405 Y: 63 Z: -1157
[02:32:28] [Server thread/WARN]: Can't keep up! Is the server overloaded? Running 2063ms or 41 ticks behind
[02:32:32] [Server thread/INFO]: DraculaNew was slain by Iron Golem
[02:32:32] [Server thread/INFO]: Created new backpack backup file for DraculaNew with unique ID travelersbackpack.spider_21.08.2026-02.32.32.dat
[02:32:32] [Server thread/INFO]: Created new backpack backup file for DraculaNew with unique ID travelersbackpack.spider_21.08.2026-02.32.32.dat
[02:32:32] [Server thread/INFO]: Your backpack has been placed at X: 405 Y: 63 Z: -1157
[02:32:46] [Server thread/WARN]: Can't keep up! Is the server overloaded? Running 2982ms or 59 ticks behind
[02:36:21] [Server thread/INFO]: DraculaNew was slain by Iron Golem
[02:36:21] [Server thread/INFO]: Created new backpack backup file for DraculaNew with unique ID travelersbackpack.spider_21.08.2026-02.36.21.dat
[02:36:21] [Server thread/INFO]: Created new backpack backup file for DraculaNew with unique ID travelersbackpack.spider_21.08.2026-02.36.21.dat
[02:36:21] [Server thread/INFO]: Your backpack has been placed at X: 423 Y: 47 Z: -1159
[02:37:31] [Server thread/INFO]: marinet45 was blown up by Creeper
[02:37:31] [Server thread/INFO]: Created new backpack backup file for marinet45 with unique ID travelersbackpack.fox_21.08.2026-02.37.31.dat
[02:37:31] [Server thread/INFO]: Created new backpack backup file for marinet45 with unique ID travelersbackpack.fox_21.08.2026-02.37.31.dat
[02:37:31] [Server thread/INFO]: Your backpack has been placed at X: 157 Y: 19 Z: 662
[02:38:16] [Server thread/INFO]: Renesito was shot by Stray
[02:38:16] [Server thread/INFO]: Created new backpack backup file for Renesito with unique ID travelersbackpack.bat_21.08.2026-02.38.16.dat
[02:38:16] [Server thread/INFO]: Created new backpack backup file for Renesito with unique ID travelersbackpack.bat_21.08.2026-02.38.16.dat
[02:38:16] [Server thread/INFO]: Your backpack has been placed at X: 540 Y: -20 Z: 741
[02:38:34] [Server thread/INFO]: [Yazuu: Teleported Renesito to bohemia]
[02:39:58] [Server thread/INFO]: DraculaNew was slain by Fallen Knight
[02:39:58] [Server thread/INFO]: Created new backpack backup file for DraculaNew with unique ID travelersbackpack.spider_21.08.2026-02.39.58.dat
[02:39:58] [Server thread/INFO]: Created new backpack backup file for DraculaNew with unique ID travelersbackpack.spider_21.08.2026-02.39.58.dat
[02:39:58] [Server thread/INFO]: Your backpack has been placed at X: 365 Y: 62 Z: -1183
[02:40:02] [Server thread/INFO]: DemianWeinZ was slain by Fallen Knight
[02:40:02] [Server thread/INFO]: Created new backpack backup file for DemianWeinZ with unique ID travelersbackpack.hay_21.08.2026-02.40.02.dat
[02:40:02] [Server thread/INFO]: Created new backpack backup file for DemianWeinZ with unique ID travelersbackpack.hay_21.08.2026-02.40.02.dat
[02:40:02] [Server thread/INFO]: Your backpack has been placed at X: 359 Y: 64 Z: -1179
[02:40:21] [Server thread/WARN]: Jungle Boat (vehicle of marinet45) moved wrongly! 0.6013755090278892
[02:40:21] [Server thread/WARN]: Jungle Boat (vehicle of marinet45) moved wrongly! 0.9974926633275913
[02:40:21] [Server thread/WARN]: Jungle Boat (vehicle of marinet45) moved wrongly! 1.4001604472029499
[02:43:20] [Server thread/WARN]: Can't keep up! Is the server overloaded? Running 2054ms or 41 ticks behind
[02:44:31] [Worker-Main-3/WARN]: Empty or non-existent pool: kaisyn:village/beach_lighthouse/villager_lighthouse_master
[02:45:18] [Server thread/WARN]: marinet45 moved too quickly! -5.689046535001239,1.0510716433403005,8.205887740824323
[02:47:36] [Server thread/INFO]: bohemia has made the advancement [Under Lock and Key]
[02:47:46] [Server thread/INFO]: Renesito has made the advancement [Under Lock and Key]
[02:54:15] [Server thread/WARN]: Can't keep up! Is the server overloaded? Running 2054ms or 41 ticks behind
[02:54:24] [Server thread/INFO]: DemianWeinZ was slain by Fallen Knight
[02:54:24] [Server thread/INFO]: Created new backpack backup file for DemianWeinZ with unique ID travelersbackpack.hay_21.08.2026-02.54.24.dat
[02:54:24] [Server thread/INFO]: Created new backpack backup file for DemianWeinZ with unique ID travelersbackpack.hay_21.08.2026-02.54.24.dat
[02:54:24] [Server thread/INFO]: Your backpack has been placed at X: 160 Y: 63 Z: -1156
[02:57:37] [Server thread/INFO]: bohemia was doomed to fall by Stray
[02:57:37] [Server thread/INFO]: Created new backpack backup file for bohemia with unique ID travelersbackpack.standard_21.08.2026-02.57.37.dat
[02:57:37] [Server thread/INFO]: Created new backpack backup file for bohemia with unique ID travelersbackpack.standard_21.08.2026-02.57.37.dat
[02:57:37] [Server thread/INFO]: Your backpack has been placed at X: 555 Y: -37 Z: 774
[02:57:47] [Server thread/INFO]: Renesito was shot by Stray
[02:57:47] [Server thread/INFO]: Created new backpack backup file for Renesito with unique ID travelersbackpack.bat_21.08.2026-02.57.47.dat
[02:57:47] [Server thread/INFO]: Created new backpack backup file for Renesito with unique ID travelersbackpack.bat_21.08.2026-02.57.47.dat
[02:57:47] [Server thread/INFO]: Your backpack has been placed at X: 539 Y: -37 Z: 776
[03:00:31] [Server thread/INFO]: Renesito was shot by Stray
[03:00:31] [Server thread/INFO]: Created new backpack backup file for Renesito with unique ID travelersbackpack.bat_21.08.2026-03.00.31.dat
[03:00:31] [Server thread/INFO]: Created new backpack backup file for Renesito with unique ID travelersbackpack.bat_21.08.2026-03.00.31.dat
[03:00:31] [Server thread/INFO]: Your backpack has been placed at X: 555 Y: -30 Z: 781
[03:05:08] [Server thread/WARN]: Can't keep up! Is the server overloaded? Running 2048ms or 40 ticks behind
[03:06:33] [Server thread/INFO]: Renesito was shot by Stray
[03:06:33] [Server thread/INFO]: Created new backpack backup file for Renesito with unique ID travelersbackpack.bat_21.08.2026-03.06.33.dat
[03:06:33] [Server thread/INFO]: Created new backpack backup file for Renesito with unique ID travelersbackpack.bat_21.08.2026-03.06.33.dat
[03:06:33] [Server thread/INFO]: Your backpack has been placed at X: 562 Y: -30 Z: 773
[03:10:58] [Server thread/INFO]: bohemia was shot by Stray
[03:10:58] [Server thread/INFO]: Created new backpack backup file for bohemia with unique ID travelersbackpack.standard_21.08.2026-03.10.58.dat
[03:10:58] [Server thread/INFO]: Created new backpack backup file for bohemia with unique ID travelersbackpack.standard_21.08.2026-03.10.58.dat
[03:10:58] [Server thread/INFO]: Your backpack has been placed at X: 562 Y: -40 Z: 758
[03:11:02] [Server thread/INFO]: DemianWeinZ has made the advancement [Diamonds!]
[03:11:07] [Server thread/INFO]: Renesito has made the advancement [Take Aim]
[03:11:21] [Server thread/INFO]: bohemia was shot by Stray
[03:11:58] [Server thread/INFO]: Renesito was shot by Stray
[03:11:58] [Server thread/INFO]: Created new backpack backup file for Renesito with unique ID travelersbackpack.bat_21.08.2026-03.11.58.dat
[03:11:58] [Server thread/INFO]: Created new backpack backup file for Renesito with unique ID travelersbackpack.bat_21.08.2026-03.11.58.dat
[03:11:58] [Server thread/INFO]: Your backpack has been placed at X: 577 Y: -40 Z: 739
[03:12:11] [Server thread/INFO]: DraculaNew tried to swim in lava
[03:12:11] [Server thread/INFO]: Created new backpack backup file for DraculaNew with unique ID travelersbackpack.spider_21.08.2026-03.12.11.dat
[03:12:11] [Server thread/INFO]: Created new backpack backup file for DraculaNew with unique ID travelersbackpack.spider_21.08.2026-03.12.11.dat
[03:12:11] [Server thread/INFO]: Your backpack has been placed at X: 12 Y: 22 Z: -139
[03:12:19] [Server thread/INFO]: Renesito was shot by Stray
[03:12:38] [Server thread/INFO]: DemianWeinZ tried to swim in lava
[03:12:38] [Server thread/INFO]: Created new backpack backup file for DemianWeinZ with unique ID travelersbackpack.hay_21.08.2026-03.12.38.dat
[03:12:38] [Server thread/INFO]: Created new backpack backup file for DemianWeinZ with unique ID travelersbackpack.hay_21.08.2026-03.12.38.dat
[03:12:38] [Server thread/INFO]: Your backpack has been placed at X: 17 Y: 22 Z: -140
[03:12:39] [Server thread/INFO]: DraculaNew was slain by Fallen Knight
[03:12:40] [Server thread/INFO]: Renesito was shot by Stray
[03:12:55] [Server thread/INFO]: bohemia was shot by Stray
[03:12:57] [Server thread/INFO]: Renesito was shot by Stray
[03:13:25] [Server thread/INFO]: Renesito was shot by Stray
[03:13:26] [Server thread/INFO]: DraculaNew was slain by Fallen Knight
[03:14:59] [Server thread/INFO]: Renesito was doomed to fall by Breeze
[03:14:59] [Server thread/INFO]: Created new backpack backup file for Renesito with unique ID travelersbackpack.bat_21.08.2026-03.14.59.dat
[03:14:59] [Server thread/INFO]: Created new backpack backup file for Renesito with unique ID travelersbackpack.bat_21.08.2026-03.14.59.dat
[03:14:59] [Server thread/INFO]: Your backpack has been placed at X: 562 Y: -40 Z: 762
[03:16:45] [Server thread/INFO]: DemianWeinZ was slain by Yazuu
[03:20:19] [Server thread/INFO]: Renesito was slain by bohemia
[03:20:19] [Server thread/INFO]: Created new backpack backup file for Renesito with unique ID travelersbackpack.bat_21.08.2026-03.20.19.dat
[03:20:19] [Server thread/INFO]: Created new backpack backup file for Renesito with unique ID travelersbackpack.bat_21.08.2026-03.20.19.dat
[03:20:19] [Server thread/INFO]: Your backpack has been placed at X: 605 Y: -32 Z: 770
[03:22:27] [Server thread/INFO]: DemianWeinZ tried to swim in lava
[03:22:37] [Server thread/INFO]: DraculaNew tried to swim in lava
[03:25:29] [Server thread/INFO]: Yazuu has made the advancement [Enchanter]
[03:26:13] [Server thread/INFO]: [Not Secure] <DraculaNew> w
[03:26:35] [Server thread/INFO]: DemianWeinZ tried to swim in lava
[03:26:40] [Server thread/INFO]: [Not Secure] <DraculaNew> 12 22 -139
[03:26:46] [Server thread/WARN]: Can't keep up! Is the server overloaded? Running 2022ms or 40 ticks behind
[03:27:23] [Server thread/INFO]: DemianWeinZ has made the advancement [Cover Me with Diamonds]
[03:28:54] [Server thread/INFO]: DraculaNew was shot by Mutant Skeleton
[03:30:38] [Server thread/INFO]: Renesito was slain by Husk
[03:30:38] [Server thread/INFO]: Created new backpack backup file for Renesito with unique ID travelersbackpack.bat_21.08.2026-03.30.38.dat
[03:30:38] [Server thread/INFO]: Created new backpack backup file for Renesito with unique ID travelersbackpack.bat_21.08.2026-03.30.38.dat
[03:30:38] [Server thread/INFO]: Your backpack has been placed at X: 546 Y: -37 Z: 779
[03:33:31] [Server thread/INFO]: DraculaNew has made the advancement [Local Brewery]
[03:34:59] [Server thread/INFO]: DraculaNew was shot by Mutant Skeleton
[03:35:04] [Server thread/INFO]: Renesito has made the advancement [Swap Tools]
[03:35:13] [Server thread/INFO]: marinet45 lost connection: Disconnected
[03:35:13] [Server thread/INFO]: marinet45 left the game
[03:35:35] [Server thread/INFO]: DemianWeinZ was burned to a crisp while fighting Blaze
[03:36:40] [Server thread/INFO]: DraculaNew was shot by Mutant Skeleton
[03:36:51] [Server thread/INFO]: DemianWeinZ was shot by Mutant Skeleton
